4706
4322
4512
4418
4418
4608
4608
4706
4706
4608
4418
4706
4418
4608
4549
4230
4608
4706
4608
4418
4514
3970
4510
4418
4706
2402
3601
4706
4514
4514
4418
4228
4418
3108
4514
4322
4510
4706
4228
4514
4706
4117
4706
4510
4608
4460
4514
4416
4512
4514
