12
82
14
10
36
78
40
2
62
50
20
14
84
45
5
20
78
86
70
56
53
86
12
26
46
16
28
81
20
26
64
42
30
22
43
48
74
70
21
70
62
22
48
16
66
12
11
69
88
58
