58
50
34
44
2
38
68
96
92
24
27
52
10
12
66
34
20
24
54
86
60
62
13
12
66
36
56
98
43
74
62
38
36
54
14
2
38
34
74
10
50
2
43
66
90
90
56
62
22
5
