1
15
3
17
9
30
0
2
4
22
14
5
0
2
27
16
6
0
5
30
10
16
31
19
13
10
8
17
9
14
4
3
11
1
2
14
8
12
3
7
1
9
9
27
9
0
5
12
8
11
