75
45
486
450
4
755
109
40
393
446
45
473
47
77
135
425
218
679
10
70
8
202
687
798
77
76
165
161
281
178
141
222
50
74
122
146
697
196
58
159
55
167
232
476
98
71
31
168
53
249
