99
89
165
474
109
4
1802
501
386
1805
29
200
16
439
958
73
1036
1120
54
19
1477
63
11
38
374
892
935
223
170
625
200
1230
1449
42
649
2
697
8
333
204
1176
8
76
2862
1541
651
1126
162
165
8
