3962
4608
3042
3550
3280
2888
4326
4050
3698
3786
3612
3200
2527
3962
3786
3042
4232
3120
4706
3528
3442
3122
4050
4706
3528
4138
3140
3042
3042
3872
3042
2812
3612
4326
3786
3698
4232
3962
3872
2810
3278
3120
3784
3362
4514
3282
3362
2206
4050
2975
