224
394
218
275
1379
266
713
247
102
148
501
116
714
318
79
1769
830
72
691
1326
558
520
902
611
338
1356
705
1059
85
68
23
763
41
562
159
71
1054
1036
698
908
91
603
307
605
735
599
195
189
1719
146
